// Vitest Snapshot v1, https://vitest.dev/guide/snapshot.html

exports[`ModalBox Tests > Matches snapshot 1`] = `<DocumentFragment />`;
