// Vitest Snapshot v1, https://vitest.dev/guide/snapshot.html

exports[`ModalOutlet Tests > Matches snapshot 1`] = `<DocumentFragment />`;
