// Vitest Snapshot v1, https://vitest.dev/guide/snapshot.html

exports[`NewPasswordFields Tests > Matches snapshot 1`] = `
<DocumentFragment>
  <p
    class="FormField"
  >
    <label
      for="password"
    >
      Password: 
    </label>
    <input
      name="password"
      type="password"
    />
  </p>
  <p
    class="FormField"
  >
    <label
      for="confirm"
    >
      Confirm Password: 
    </label>
    <input
      name="confirm"
      type="password"
    />
  </p>
</DocumentFragment>
`;
